<html>
<body>
<pre>
<h1>µVision Build Log</h1>
<h2>Tool Versions:</h2>
IDE-Version: ¦ÌVision V5.36.0.0
Copyright (C) 2021 ARM Ltd and ARM Germany GmbH. All rights reserved.
License Information: Jiaqi Wang, NJUPT, LIC=D0D7S-LQ1KZ-8TK3P-MSTN0-VGY9R-7Q7XG
 
Tool Versions:
Toolchain:       MDK-ARM Plus  Version: 5.36.0.0
Toolchain Path:  D:\MDK-ARM\ARM\ARMCLANG\Bin
C Compiler:      ArmClang.exe V6.16
Assembler:       Armasm.exe V6.16
Linker/Locator:  ArmLink.exe V6.16
Library Manager: ArmAr.exe V6.16
Hex Converter:   FromElf.exe V6.16
CPU DLL:         SARMCM3.DLL V5.36.0.0
Dialog DLL:      DARMCM1.DLL V1.19.4.0
Target DLL:      CMSIS_AGDI.dll V1.33.0.0
Dialog DLL:      TARMCM1.DLL V1.14.4.0
 
<h2>Project:</h2>
D:\STM32-Projects\STM32G030F6P6_MAX6675\MDK-ARM\STM32G030F6P6_MAX6675.uvprojx
Project File Date:  04/08/2022

<h2>Output:</h2>
*** Using Compiler 'V6.16', folder: 'D:\MDK-ARM\ARM\ARMCLANG\Bin'
Build target 'STM32G030F6P6_MAX6675'
compiling main.c...
linking...
Program Size: Code=11116 RO-data=360 RW-data=16 ZI-data=1280  
FromELF: creating hex file...
"STM32G030F6P6_MAX6675\STM32G030F6P6_MAX6675.axf" - 0 Error(s), 0 Warning(s).

<h2>Software Packages used:</h2>

Package Vendor: ARM
                http://www.keil.com/pack/ARM.CMSIS.5.8.0.pack
                ARM.CMSIS.5.8.0
                CMSIS (Common Microcontroller Software Interface Standard)
   * Component: CORE Version: 5.5.0

Package Vendor: Keil
                http://www.keil.com/pack/Keil.STM32G0xx_DFP.1.3.0.pack
                Keil.STM32G0xx_DFP.1.3.0
                STMicroelectronics STM32G0 Series Device Support

<h2>Collection of Component include folders:</h2>
  .\RTE\_STM32G030F6P6_MAX6675
  D:\MDK-ARM-Packs\ARM\CMSIS\5.8.0\CMSIS\Core\Include
  D:\MDK-ARM-Packs\Keil\STM32G0xx_DFP\1.3.0\Drivers\CMSIS\Device\ST\STM32G0xx\Include

<h2>Collection of Component Files used:</h2>

   * Component: ARM::CMSIS:CORE:5.5.0
      Include file:  CMSIS\Core\Include\tz_context.h
Build Time Elapsed:  00:00:01
</pre>
</body>
</html>
